Manan Bhateja@LAPTOP-LI3D2LTR MINGW64 ~/Desktop/kattas/clone_kata/git-katas/basic-stashing/exercise (master)
$ ls
bug.txt  file.txt  fix.txt

Manan Bhateja@LAPTOP-LI3D2LTR MINGW64 ~/Desktop/kattas/clone_kata/git-katas/basic-stashing/exercise (master)
$ ls
bug.txt  file.txt  fix.txt

Manan Bhateja@LAPTOP-LI3D2LTR MINGW64 ~/Desktop/kattas/clone_kata/git-katas/basic-stashing/exercise (master)
$ git status
On branch master
Changes to be committed:
  (use "git restore --staged <file>..." to unstage)
        modified:   file.txt

Changes not staged for commit:
  (use "git add <file>..." to update what will be committed)
  (use "git restore <file>..." to discard changes in working directory)
        modified:   file.txt
        modified:   fix.txt


Manan Bhateja@LAPTOP-LI3D2LTR MINGW64 ~/Desktop/kattas/clone_kata/git-katas/basic-stashing/exercise (master)
$ git status -s
MM file.txt
 M fix.txt

Manan Bhateja@LAPTOP-LI3D2LTR MINGW64 ~/Desktop/kattas/clone_kata/git-katas/basic-stashing/exercise (master)
$ git log --oneline
a9c6b3c (HEAD -> master) add bug.txt
6a679d3 Initial commit

Manan Bhateja@LAPTOP-LI3D2LTR MINGW64 ~/Desktop/kattas/clone_kata/git-katas/basic-stashing/exercise (master)
$ git branch
* master

Manan Bhateja@LAPTOP-LI3D2LTR MINGW64 ~/Desktop/kattas/clone_kata/git-katas/basic-stashing/exercise (master)
$ git stash save "left somework"
warning: LF will be replaced by CRLF in file.txt.
The file will have its original line endings in your working directory
warning: LF will be replaced by CRLF in fix.txt.
The file will have its original line endings in your working directory
Saved working directory and index state On master: left somework

Manan Bhateja@LAPTOP-LI3D2LTR MINGW64 ~/Desktop/kattas/clone_kata/git-katas/basic-stashing/exercise (master)
$ git stash list
stash@{0}: On master: left somework

Manan Bhateja@LAPTOP-LI3D2LTR MINGW64 ~/Desktop/kattas/clone_kata/git-katas/basic-stashing/exercise (master)
$ ls
bug.txt  file.txt  fix.txt

Manan Bhateja@LAPTOP-LI3D2LTR MINGW64 ~/Desktop/kattas/clone_kata/git-katas/basic-stashing/exercise (master)
$ git status
On branch master
nothing to commit, working tree clean

Manan Bhateja@LAPTOP-LI3D2LTR MINGW64 ~/Desktop/kattas/clone_kata/git-katas/basic-stashing/exercise (master)
$ git status -s

Manan Bhateja@LAPTOP-LI3D2LTR MINGW64 ~/Desktop/kattas/clone_kata/git-katas/basic-stashing/exercise (master)
$ git log --oneline
a9c6b3c (HEAD -> master) add bug.txt
6a679d3 Initial commit

Manan Bhateja@LAPTOP-LI3D2LTR MINGW64 ~/Desktop/kattas/clone_kata/git-katas/basic-stashing/exercise (master)
$ git status
On branch master
nothing to commit, working tree clean

Manan Bhateja@LAPTOP-LI3D2LTR MINGW64 ~/Desktop/kattas/clone_kata/git-katas/basic-stashing/exercise (master)
$ ls
bug.txt  file.txt  fix.txt

Manan Bhateja@LAPTOP-LI3D2LTR MINGW64 ~/Desktop/kattas/clone_kata/git-katas/basic-stashing/exercise (master)
$ vi bug.txt

Manan Bhateja@LAPTOP-LI3D2LTR MINGW64 ~/Desktop/kattas/clone_kata/git-katas/basic-stashing/exercise (master)
$ git commit -a -m "fixed typos"
warning: LF will be replaced by CRLF in bug.txt.
The file will have its original line endings in your working directory
[master eef420d] fixed typos
 1 file changed, 1 insertion(+), 1 deletion(-)

Manan Bhateja@LAPTOP-LI3D2LTR MINGW64 ~/Desktop/kattas/clone_kata/git-katas/basic-stashing/exercise (master)
$ git status
On branch master
nothing to commit, working tree clean

Manan Bhateja@LAPTOP-LI3D2LTR MINGW64 ~/Desktop/kattas/clone_kata/git-katas/basic-stashing/exercise (master)
$ git branch
* master


Manan Bhateja@LAPTOP-LI3D2LTR MINGW64 ~/Desktop/kattas/clone_kata/git-katas/basic-stashing/exercise (master)
$

Manan Bhateja@LAPTOP-LI3D2LTR MINGW64 ~/Desktop/kattas/clone_kata/git-katas/basic-stashing/exercise (master)
$ git stash apply --index
On branch master
Changes to be committed:
  (use "git restore --staged <file>..." to unstage)
        modified:   file.txt

Changes not staged for commit:
  (use "git add <file>..." to update what will be committed)
  (use "git restore <file>..." to discard changes in working directory)
        modified:   file.txt
        modified:   fix.txt


Manan Bhateja@LAPTOP-LI3D2LTR MINGW64 ~/Desktop/kattas/clone_kata/git-katas/basic-stashing/exercise (master)
$ git diff --staged
diff --git a/file.txt b/file.txt
index 746e5bd..dbdf3fe 100644
--- a/file.txt
+++ b/file.txt
@@ -1 +1,2 @@
 Initial content of the file
+some changes I made and staged

Manan Bhateja@LAPTOP-LI3D2LTR MINGW64 ~/Desktop/kattas/clone_kata/git-katas/basic-stashing/exercise (master)
$ git reset --hard HEAD
HEAD is now at eef420d fixed typos

Manan Bhateja@LAPTOP-LI3D2LTR MINGW64 ~/Desktop/kattas/clone_kata/git-katas/basic-stashing/exercise (master)
$ git status
On branch master
nothing to commit, working tree clean

Manan Bhateja@LAPTOP-LI3D2LTR MINGW64 ~/Desktop/kattas/clone_kata/git-katas/basic-stashing/exercise (master)
$ git status -s

Manan Bhateja@LAPTOP-LI3D2LTR MINGW64 ~/Desktop/kattas/clone_kata/git-katas/basic-stashing/exercise (master)
$ git diff --staged

Manan Bhateja@LAPTOP-LI3D2LTR MINGW64 ~/Desktop/kattas/clone_kata/git-katas/basic-stashing/exercise (master)
$ git stash list
stash@{0}: On master: left somework

Manan Bhateja@LAPTOP-LI3D2LTR MINGW64 ~/Desktop/kattas/clone_kata/git-katas/basic-stashing/exercise (master)
$ git stash apply --index
On branch master
Changes to be committed:
[O  (use "git restore --staged <file>..." to unstage)
        modified:   file.txt

Changes not staged for commit:
  (use "git add <file>..." to update what will be committed)
  (use "git restore <file>..." to discard changes in working directory)
        modified:   file.txt
        modified:   fix.txt
[I

Manan Bhateja@LAPTOP-LI3D2LTR MINGW64 ~/Desktop/kattas/clone_kata/git-katas/basic-stashing/exercise (master)
$ git stash pop
error: Your local changes to the following files would be overwritten by merge:
        file.txt
        fix.txt
Please commit your changes or stash them before you merge.
Aborting
On branch master
Changes to be committed:
  (use "git restore --staged <file>..." to unstage)
        modified:   file.txt

Changes not staged for commit:
  (use "git add <file>..." to update what will be committed)
  (use "git restore <file>..." to discard changes in working directory)
        modified:   file.txt
        modified:   fix.txt

The stash entry is kept in case you need it again.

Manan Bhateja@LAPTOP-LI3D2LTR MINGW64 ~/Desktop/kattas/clone_kata/git-katas/basic-stashing/exercise (master)
$ git status
On branch master
Changes to be committed:
  (use "git restore --staged <file>..." to unstage)
        modified:   file.txt

Changes not staged for commit:
  (use "git add <file>..." to update what will be committed)
  (use "git restore <file>..." to discard changes in working directory)
        modified:   file.txt
        modified:   fix.txt


Manan Bhateja@LAPTOP-LI3D2LTR MINGW64 ~/Desktop/kattas/clone_kata/git-katas/basic-stashing/exercise (master)
$ git stash list
stash@{0}: On master: left somework

Manan Bhateja@LAPTOP-LI3D2LTR MINGW64 ~/Desktop/kattas/clone_kata/git-katas/basic-stashing/exercise (master)
$ git diff
diff --git a/file.txt b/file.txt
index dbdf3fe..c179bba 100644
--- a/file.txt
+++ b/file.txt
@@ -1,2 +1,3 @@
 Initial content of the file
 some changes I made and staged
+some changes I made and did not stage yet
diff --git a/fix.txt b/fix.txt
index e69de29..7095e9d 100644
--- a/fix.txt
+++ b/fix.txt
@@ -0,0 +1 @@
+changes I did not stage

Manan Bhateja@LAPTOP-LI3D2LTR MINGW64 ~/Desktop/kattas/clone_kata/git-katas/basic-stashing/exercise (master)
$ git stash list
stash@{0}: On master: left somework

Manan Bhateja@LAPTOP-LI3D2LTR MINGW64 ~/Desktop/kattas/clone_kata/git-katas/basic-stashing/exercise (master)
$ git stash pop
error: Your local changes to the following files would be overwritten by merge:
        file.txt
        fix.txt
Please commit your changes or stash them before you merge.
Aborting
On branch master
Changes to be committed:
  (use "git restore --staged <file>..." to unstage)
        modified:   file.txt

Changes not staged for commit:
  (use "git add <file>..." to update what will be committed)
  (use "git restore <file>..." to discard changes in working directory)
        modified:   file.txt
        modified:   fix.txt

The stash entry is kept in case you need it again.

Manan Bhateja@LAPTOP-LI3D2LTR MINGW64 ~/Desktop/kattas/clone_kata/git-katas/basic-stashing/exercise (master)
$ git stash list
stash@{0}: On master: left somework

Manan Bhateja@LAPTOP-LI3D2LTR MINGW64 ~/Desktop/kattas/clone_kata/git-katas/basic-stashing/exercise (master)
$ git stash drop
Dropped refs/stash@{0} (8d403decfe5c5fc96367e39fddfbd3992c577e36)

Manan Bhateja@LAPTOP-LI3D2LTR MINGW64 ~/Desktop/kattas/clone_kata/git-katas/basic-stashing/exercise (master)
$ git stash list

Manan Bhateja@LAPTOP-LI3D2LTR MINGW64 ~/Desktop/kattas/clone_kata/git-katas/basic-stashing/exercise (master)
$ git remote add origin git@github.com:manan23bhateja/kata16.git

Manan Bhateja@LAPTOP-LI3D2LTR MINGW64 ~/Desktop/kattas/clone_kata/git-katas/basic-stashing/exercise (master)
$ vi cmd-kata

Manan Bhateja@LAPTOP-LI3D2LTR MINGW64 ~/Desktop/kattas/clone_kata/git-katas/basic-stashing/exercise (master)
$

